// 重构日志: c41b8104
// 重构日志: 7a57c8b7
// 重构日志: e15c4208
// 重构日志: 12a4cbd9
// 同步 ID: e6f2dea2 @ Tue Jul 28 03:49:21 UTC 2026
// 同步 ID: 7795690f @ Tue Jul 28 12:22:43 UTC 2026
// 同步 ID: 5aaebcf7 @ Tue Jul 28 17:09:02 UTC 2026
// 同步 ID: 1845c33c @ Wed Jul 29 03:43:56 UTC 2026
// 重构日志: 01dd2445
// 同步 ID: 6d691932 @ Thu Jul 30 12:51:35 UTC 2026
// 重构日志: eee2eef6
// 同步 ID: 6a9c2965 @ Fri Jul 31 08:58:17 UTC 2026
// 重构日志: 5396b1c2
// 同步 ID: 9d72116c @ Fri Jul 31 15:52:13 UTC 2026
// 重构日志: 32518764
// 同步 ID: 6a46f8e3 @ Sat Aug  1 06:59:11 UTC 2026
// 同步 ID: 1c89ce39 @ Sun Aug  2 04:20:37 UTC 2026
// 重构日志: 7f099787
// 重构日志: e6d70248
// 重构日志: b3f505f7
// 重构日志: ef0217ac
// 同步 ID: 6fa6061e @ Mon Aug  3 04:30:47 UTC 2026
// 重构日志: 1f9f80ef
// 重构日志: 2076407a
// 重构日志: 8b37d404
// 重构日志: 8ca6c5b8
// 重构日志: 460d4900
// 重构日志: 24f14af5
// 重构日志: 937cf14d
// 同步 ID: 2fa5b76b @ Fri Aug  7 04:33:31 UTC 2026
